============================================================
  Generated by:           Genus(TM) Synthesis Solution 23.10-p004_1
  Generated on:           Feb 06 2025  08:52:37 pm
  Module:                 fifo1_sram
  Technology libraries:   saed32rvt_ss0p95v125c 1.0000000
                          saed32hvt_ss0p95v125c 1.0000000
                          saed32io_wb_ss0p95v125c_2p25v 
                          saed32sram_ss0p95v125c 1.0000000
                          saed32pll_ss0p95v125c_2p25v 
  Operating conditions:   _nominal_ (balanced_tree)
  Wireload mode:          enclosed
  Area mode:              timing library
============================================================

Timing
--------

 Clock Period 
--------------
rclk   2000.0 
wclk   2000.0 
wclk2x 1000.0 


  Cost    Critical         Violating 
 Group   Path Slack  TNS     Paths   
-------------------------------------
default    No paths   0.0            
INPUTS     No paths   0.0            
OUTPUTS    No paths   0.0            
rclk          656.6   0.0          0 
wclk          694.1   0.0          0 
wclk2x     No paths   0.0            
-------------------------------------
Total                 0.0          0 

Instance Count
--------------
Leaf Instance Count             281 
Physical Instance count           0 
Sequential Instance Count       104 
Combinational Instance Count    177 
Hierarchical Instance Count       5 

Area
----
Cell Area                          370723.665
Physical Cell Area                 0.000
Total Cell Area (Cell+Physical)    370723.665
Net Area                           0.000
Total Area (Cell+Physical+Net)     370723.665

Max Fanout                         72 (fifomem/n_19)
Min Fanout                         0 (rempty)
Average Fanout                     2.0
Terms to net ratio                 3.6143
Terms to instance ratio            6.1352
Runtime                            43.100611 seconds
Elapsed Runtime                    46 seconds
Genus peak memory usage            1948.61 
Innovus peak memory usage          no_value 
Hostname                           auto.ece.pdx.edu
